[2026-03-09 10:16:37.162034] Error creating story: {'message': 'null value in column "user_id" of relation "stories" violates not-null constraint', 'code': '23502', 'hint': None, 'details': 'Failing row contains (34a7883b-bec5-408e-844d-0af68463fe1f, null, 새로운 모험, fantasy, 알 수 없는 이유로 생성에 실패했습니다., active, 0, null, null, 2026-03-09 01:16:37.126045+00, 2026-03-09 01:16:37.126045+00).'}
Traceback (most recent call last):
  File "/Users/choi/Desktop/workspace/NovelAIne/backend/app/api/stories.py", line 160, in create_story
    story_response = client.table("stories").insert(story_db_data).execute()
                     ^^^^^^^^^^^^^^^^^^^^^^^^^^^^^^^^^^^^^^^^^^^^^^^^^^^^^^^
  File "/opt/anaconda3/envs/tf_env/lib/python3.11/site-packages/postgrest/_sync/request_builder.py", line 53, in execute
    raise APIError(dict(json_obj))
postgrest.exceptions.APIError: {'message': 'null value in column "user_id" of relation "stories" violates not-null constraint', 'code': '23502', 'hint': None, 'details': 'Failing row contains (34a7883b-bec5-408e-844d-0af68463fe1f, null, 새로운 모험, fantasy, 알 수 없는 이유로 생성에 실패했습니다., active, 0, null, null, 2026-03-09 01:16:37.126045+00, 2026-03-09 01:16:37.126045+00).'}

[2026-03-09 11:46:27.139257] Error creating story: {'message': 'new row for relation "stories" violates check constraint "stories_genre_check"', 'code': '23514', 'hint': None, 'details': 'Failing row contains (814f5996-44b6-4c55-9dc4-77ce30ecc729, ad7f9883-5506-449d-b139-3c6911e7f97d, 새로운 모험, wuxia, 알 수 없는 이유로 생성에 실패했습니다., active, 0, null, null, 2026-03-09 02:46:26.999666+00, 2026-03-09 02:46:26.999666+00).'}
Traceback (most recent call last):
  File "/Users/choi/Desktop/workspace/NovelAIne/backend/app/api/stories.py", line 160, in create_story
    story_response = client.table("stories").insert(story_db_data).execute()
                     ^^^^^^^^^^^^^^^^^^^^^^^^^^^^^^^^^^^^^^^^^^^^^^^^^^^^^^^
  File "/opt/anaconda3/envs/tf_env/lib/python3.11/site-packages/postgrest/_sync/request_builder.py", line 53, in execute
    raise APIError(dict(json_obj))
postgrest.exceptions.APIError: {'message': 'new row for relation "stories" violates check constraint "stories_genre_check"', 'code': '23514', 'hint': None, 'details': 'Failing row contains (814f5996-44b6-4c55-9dc4-77ce30ecc729, ad7f9883-5506-449d-b139-3c6911e7f97d, 새로운 모험, wuxia, 알 수 없는 이유로 생성에 실패했습니다., active, 0, null, null, 2026-03-09 02:46:26.999666+00, 2026-03-09 02:46:26.999666+00).'}

[2026-03-09 17:06:21.237978] Error creating story: {'message': "Could not find the 'language' column of 'stories' in the schema cache", 'code': 'PGRST204', 'hint': None, 'details': None}
Traceback (most recent call last):
  File "/Users/choi/Desktop/workspace/NovelAIne/backend/app/api/stories.py", line 161, in create_story
    story_response = client.table("stories").insert(story_db_data).execute()
                     ^^^^^^^^^^^^^^^^^^^^^^^^^^^^^^^^^^^^^^^^^^^^^^^^^^^^^^^
  File "/opt/anaconda3/envs/tf_env/lib/python3.11/site-packages/postgrest/_sync/request_builder.py", line 53, in execute
    raise APIError(dict(json_obj))
postgrest.exceptions.APIError: {'message': "Could not find the 'language' column of 'stories' in the schema cache", 'code': 'PGRST204', 'hint': None, 'details': None}

[2026-03-16 14:12:01.262758] Error creating story: Unterminated string starting at: line 3 column 18 (char 50)
Traceback (most recent call last):
  File "/Users/choi/Desktop/workspace/NovelAIne/backend/app/api/stories.py", line 108, in create_story
    generated_data = await chat_service.start_new_story(
                     ^^^^^^^^^^^^^^^^^^^^^^^^^^^^^^^^^^^
    ...<6 lines>...
    )
    ^
  File "/Users/choi/Desktop/workspace/NovelAIne/backend/app/services/chat_service.py", line 183, in start_new_story
    raise e
  File "/Users/choi/Desktop/workspace/NovelAIne/backend/app/services/chat_service.py", line 173, in start_new_story
    parsed = json.loads(content, strict=False)
  File "/opt/anaconda3/lib/python3.13/json/__init__.py", line 359, in loads
    return cls(**kw).decode(s)
           ~~~~~~~~~~~~~~~~^^^
  File "/opt/anaconda3/lib/python3.13/json/decoder.py", line 345, in decode
    obj, end = self.raw_decode(s, idx=_w(s, 0).end())
               ~~~~~~~~~~~~~~~^^^^^^^^^^^^^^^^^^^^^^^
  File "/opt/anaconda3/lib/python3.13/json/decoder.py", line 361, in raw_decode
    obj, end = self.scan_once(s, idx)
               ~~~~~~~~~~~~~~^^^^^^^^
json.decoder.JSONDecodeError: Unterminated string starting at: line 3 column 18 (char 50)

[2026-03-16 14:14:07.752020] Error creating story: Unterminated string starting at: line 4 column 18 (char 187)
Traceback (most recent call last):
  File "/Users/choi/Desktop/workspace/NovelAIne/backend/app/api/stories.py", line 108, in create_story
    generated_data = await chat_service.start_new_story(
                     ^^^^^^^^^^^^^^^^^^^^^^^^^^^^^^^^^^^
    ...<6 lines>...
    )
    ^
  File "/Users/choi/Desktop/workspace/NovelAIne/backend/app/services/chat_service.py", line 183, in start_new_story
    raise e
  File "/Users/choi/Desktop/workspace/NovelAIne/backend/app/services/chat_service.py", line 173, in start_new_story
    parsed = json.loads(content, strict=False)
  File "/opt/anaconda3/lib/python3.13/json/__init__.py", line 359, in loads
    return cls(**kw).decode(s)
           ~~~~~~~~~~~~~~~~^^^
  File "/opt/anaconda3/lib/python3.13/json/decoder.py", line 345, in decode
    obj, end = self.raw_decode(s, idx=_w(s, 0).end())
               ~~~~~~~~~~~~~~~^^^^^^^^^^^^^^^^^^^^^^^
  File "/opt/anaconda3/lib/python3.13/json/decoder.py", line 361, in raw_decode
    obj, end = self.scan_once(s, idx)
               ~~~~~~~~~~~~~~^^^^^^^^
json.decoder.JSONDecodeError: Unterminated string starting at: line 4 column 18 (char 187)

